// Jest Snapshot v1, https://goo.gl/fbAQLP

exports[`selectionHeaderCellFormatter render 1`] = `
<TableSelectionHeaderCell
  checked={true}
  disabled={false}
  id="selectAll"
  label="some-label"
  onChange={[Function]}
/>
`;
