// Jest Snapshot v1, https://goo.gl/fbAQLP

exports[`OtherInfo render 1`] = `
<span
  className=""
>
  <Tooltip
    content="Other includes all stopped tasks that are cancelled or pending"
    id="stopped-tooltip"
    position="bottom"
  >
    <span>
      <InfoCircleIcon
        className="pficon"
        color="currentColor"
        noVerticalAlign={false}
        size="sm"
      />
      <span>
        Other:
         
      </span>
    </span>
  </Tooltip>
  <Button
    onClick={[Function]}
    variant="link"
  >
    7
  </Button>
</span>
`;
