// Jest Snapshot v1, https://goo.gl/fbAQLP

exports[`StoppedTasksCard render error-last selected 1`] = `
<Card
  accented={false}
  aggregated={false}
  aggregatedMini={false}
  cardRef={null}
  className="tasks-donut-card stopped-tasks-card selected-tasks-card"
  id="stopped-tasks-card"
  matchHeight={false}
>
  <CardTitle
    className=""
    onClick={[Function]}
  >
    Stopped
  </CardTitle>
  <CardBody
    className=""
  >
    <table
      className="table table-bordered table-striped stopped-table"
    >
      <thead>
        <tr>
          <th />
          <th>
            Total
          </th>
          <th>
            week
          </th>
        </tr>
      </thead>
      <tbody>
        <tr
          key="error"
        >
          <td>
            <Icon
              name="error-circle-o"
              type="pf"
            />
            Error
          </td>
          <td
            className="data-col not-focused"
            onClick={[Function]}
          >
            0
          </td>
          <td
            className="data-col active"
            onClick={[Function]}
          >
            0
          </td>
        </tr>
        <tr
          key="warning"
        >
          <td>
            <Icon
              name="warning-triangle-o"
              type="pf"
            />
            Warning
          </td>
          <td
            className="data-col not-focused"
            onClick={[Function]}
          >
            0
          </td>
          <td
            className="data-col not-focused"
            onClick={[Function]}
          >
            0
          </td>
        </tr>
        <tr
          key="success"
        >
          <td>
            <Icon
              name="ok"
              type="pf"
            />
            Success
          </td>
          <td
            className="data-col not-focused"
            onClick={[Function]}
          >
            0
          </td>
          <td
            className="data-col not-focused"
            onClick={[Function]}
          >
            0
          </td>
        </tr>
      </tbody>
    </table>
  </CardBody>
</Card>
`;

exports[`StoppedTasksCard render error-total selected 1`] = `
<Card
  accented={false}
  aggregated={false}
  aggregatedMini={false}
  cardRef={null}
  className="tasks-donut-card stopped-tasks-card selected-tasks-card"
  id="stopped-tasks-card"
  matchHeight={false}
>
  <CardTitle
    className=""
    onClick={[Function]}
  >
    Stopped
  </CardTitle>
  <CardBody
    className=""
  >
    <table
      className="table table-bordered table-striped stopped-table"
    >
      <thead>
        <tr>
          <th />
          <th>
            Total
          </th>
          <th>
            24h
          </th>
        </tr>
      </thead>
      <tbody>
        <tr
          key="error"
        >
          <td>
            <Icon
              name="error-circle-o"
              type="pf"
            />
            Error
          </td>
          <td
            className="data-col active"
            onClick={[Function]}
          >
            0
          </td>
          <td
            className="data-col not-focused"
            onClick={[Function]}
          >
            0
          </td>
        </tr>
        <tr
          key="warning"
        >
          <td>
            <Icon
              name="warning-triangle-o"
              type="pf"
            />
            Warning
          </td>
          <td
            className="data-col not-focused"
            onClick={[Function]}
          >
            0
          </td>
          <td
            className="data-col not-focused"
            onClick={[Function]}
          >
            0
          </td>
        </tr>
        <tr
          key="success"
        >
          <td>
            <Icon
              name="ok"
              type="pf"
            />
            Success
          </td>
          <td
            className="data-col not-focused"
            onClick={[Function]}
          >
            0
          </td>
          <td
            className="data-col not-focused"
            onClick={[Function]}
          >
            0
          </td>
        </tr>
      </tbody>
    </table>
  </CardBody>
</Card>
`;

exports[`StoppedTasksCard render selected 1`] = `
<Card
  accented={false}
  aggregated={false}
  aggregatedMini={false}
  cardRef={null}
  className="tasks-donut-card stopped-tasks-card selected-tasks-card"
  id="stopped-tasks-card"
  matchHeight={false}
>
  <CardTitle
    className=""
    onClick={[Function]}
  >
    Stopped
  </CardTitle>
  <CardBody
    className=""
  >
    <table
      className="table table-bordered table-striped stopped-table"
    >
      <thead>
        <tr>
          <th />
          <th>
            Total
          </th>
          <th>
            24h
          </th>
        </tr>
      </thead>
      <tbody>
        <tr
          key="error"
        >
          <td>
            <Icon
              name="error-circle-o"
              type="pf"
            />
            Error
          </td>
          <td
            className="data-col"
            onClick={[Function]}
          >
            0
          </td>
          <td
            className="data-col"
            onClick={[Function]}
          >
            0
          </td>
        </tr>
        <tr
          key="warning"
        >
          <td>
            <Icon
              name="warning-triangle-o"
              type="pf"
            />
            Warning
          </td>
          <td
            className="data-col"
            onClick={[Function]}
          >
            0
          </td>
          <td
            className="data-col"
            onClick={[Function]}
          >
            0
          </td>
        </tr>
        <tr
          key="success"
        >
          <td>
            <Icon
              name="ok"
              type="pf"
            />
            Success
          </td>
          <td
            className="data-col"
            onClick={[Function]}
          >
            0
          </td>
          <td
            className="data-col"
            onClick={[Function]}
          >
            0
          </td>
        </tr>
      </tbody>
    </table>
  </CardBody>
</Card>
`;

exports[`StoppedTasksCard render success-last selected 1`] = `
<Card
  accented={false}
  aggregated={false}
  aggregatedMini={false}
  cardRef={null}
  className="tasks-donut-card stopped-tasks-card selected-tasks-card"
  id="stopped-tasks-card"
  matchHeight={false}
>
  <CardTitle
    className=""
    onClick={[Function]}
  >
    Stopped
  </CardTitle>
  <CardBody
    className=""
  >
    <table
      className="table table-bordered table-striped stopped-table"
    >
      <thead>
        <tr>
          <th />
          <th>
            Total
          </th>
          <th>
            week
          </th>
        </tr>
      </thead>
      <tbody>
        <tr
          key="error"
        >
          <td>
            <Icon
              name="error-circle-o"
              type="pf"
            />
            Error
          </td>
          <td
            className="data-col not-focused"
            onClick={[Function]}
          >
            0
          </td>
          <td
            className="data-col not-focused"
            onClick={[Function]}
          >
            0
          </td>
        </tr>
        <tr
          key="warning"
        >
          <td>
            <Icon
              name="warning-triangle-o"
              type="pf"
            />
            Warning
          </td>
          <td
            className="data-col not-focused"
            onClick={[Function]}
          >
            0
          </td>
          <td
            className="data-col not-focused"
            onClick={[Function]}
          >
            0
          </td>
        </tr>
        <tr
          key="success"
        >
          <td>
            <Icon
              name="ok"
              type="pf"
            />
            Success
          </td>
          <td
            className="data-col not-focused"
            onClick={[Function]}
          >
            0
          </td>
          <td
            className="data-col active"
            onClick={[Function]}
          >
            0
          </td>
        </tr>
      </tbody>
    </table>
  </CardBody>
</Card>
`;

exports[`StoppedTasksCard render success-total selected 1`] = `
<Card
  accented={false}
  aggregated={false}
  aggregatedMini={false}
  cardRef={null}
  className="tasks-donut-card stopped-tasks-card selected-tasks-card"
  id="stopped-tasks-card"
  matchHeight={false}
>
  <CardTitle
    className=""
    onClick={[Function]}
  >
    Stopped
  </CardTitle>
  <CardBody
    className=""
  >
    <table
      className="table table-bordered table-striped stopped-table"
    >
      <thead>
        <tr>
          <th />
          <th>
            Total
          </th>
          <th>
            24h
          </th>
        </tr>
      </thead>
      <tbody>
        <tr
          key="error"
        >
          <td>
            <Icon
              name="error-circle-o"
              type="pf"
            />
            Error
          </td>
          <td
            className="data-col not-focused"
            onClick={[Function]}
          >
            0
          </td>
          <td
            className="data-col not-focused"
            onClick={[Function]}
          >
            0
          </td>
        </tr>
        <tr
          key="warning"
        >
          <td>
            <Icon
              name="warning-triangle-o"
              type="pf"
            />
            Warning
          </td>
          <td
            className="data-col not-focused"
            onClick={[Function]}
          >
            0
          </td>
          <td
            className="data-col not-focused"
            onClick={[Function]}
          >
            0
          </td>
        </tr>
        <tr
          key="success"
        >
          <td>
            <Icon
              name="ok"
              type="pf"
            />
            Success
          </td>
          <td
            className="data-col active"
            onClick={[Function]}
          >
            0
          </td>
          <td
            className="data-col not-focused"
            onClick={[Function]}
          >
            0
          </td>
        </tr>
      </tbody>
    </table>
  </CardBody>
</Card>
`;

exports[`StoppedTasksCard render warning-last selected 1`] = `
<Card
  accented={false}
  aggregated={false}
  aggregatedMini={false}
  cardRef={null}
  className="tasks-donut-card stopped-tasks-card selected-tasks-card"
  id="stopped-tasks-card"
  matchHeight={false}
>
  <CardTitle
    className=""
    onClick={[Function]}
  >
    Stopped
  </CardTitle>
  <CardBody
    className=""
  >
    <table
      className="table table-bordered table-striped stopped-table"
    >
      <thead>
        <tr>
          <th />
          <th>
            Total
          </th>
          <th>
            week
          </th>
        </tr>
      </thead>
      <tbody>
        <tr
          key="error"
        >
          <td>
            <Icon
              name="error-circle-o"
              type="pf"
            />
            Error
          </td>
          <td
            className="data-col not-focused"
            onClick={[Function]}
          >
            0
          </td>
          <td
            className="data-col not-focused"
            onClick={[Function]}
          >
            0
          </td>
        </tr>
        <tr
          key="warning"
        >
          <td>
            <Icon
              name="warning-triangle-o"
              type="pf"
            />
            Warning
          </td>
          <td
            className="data-col not-focused"
            onClick={[Function]}
          >
            0
          </td>
          <td
            className="data-col active"
            onClick={[Function]}
          >
            0
          </td>
        </tr>
        <tr
          key="success"
        >
          <td>
            <Icon
              name="ok"
              type="pf"
            />
            Success
          </td>
          <td
            className="data-col not-focused"
            onClick={[Function]}
          >
            0
          </td>
          <td
            className="data-col not-focused"
            onClick={[Function]}
          >
            0
          </td>
        </tr>
      </tbody>
    </table>
  </CardBody>
</Card>
`;

exports[`StoppedTasksCard render warning-total selected 1`] = `
<Card
  accented={false}
  aggregated={false}
  aggregatedMini={false}
  cardRef={null}
  className="tasks-donut-card stopped-tasks-card selected-tasks-card"
  id="stopped-tasks-card"
  matchHeight={false}
>
  <CardTitle
    className=""
    onClick={[Function]}
  >
    Stopped
  </CardTitle>
  <CardBody
    className=""
  >
    <table
      className="table table-bordered table-striped stopped-table"
    >
      <thead>
        <tr>
          <th />
          <th>
            Total
          </th>
          <th>
            24h
          </th>
        </tr>
      </thead>
      <tbody>
        <tr
          key="error"
        >
          <td>
            <Icon
              name="error-circle-o"
              type="pf"
            />
            Error
          </td>
          <td
            className="data-col not-focused"
            onClick={[Function]}
          >
            0
          </td>
          <td
            className="data-col not-focused"
            onClick={[Function]}
          >
            0
          </td>
        </tr>
        <tr
          key="warning"
        >
          <td>
            <Icon
              name="warning-triangle-o"
              type="pf"
            />
            Warning
          </td>
          <td
            className="data-col active"
            onClick={[Function]}
          >
            0
          </td>
          <td
            className="data-col not-focused"
            onClick={[Function]}
          >
            0
          </td>
        </tr>
        <tr
          key="success"
        >
          <td>
            <Icon
              name="ok"
              type="pf"
            />
            Success
          </td>
          <td
            className="data-col not-focused"
            onClick={[Function]}
          >
            0
          </td>
          <td
            className="data-col not-focused"
            onClick={[Function]}
          >
            0
          </td>
        </tr>
      </tbody>
    </table>
  </CardBody>
</Card>
`;

exports[`StoppedTasksCard render with minimal props 1`] = `
<Card
  accented={false}
  aggregated={false}
  aggregatedMini={false}
  cardRef={null}
  className="tasks-donut-card stopped-tasks-card"
  id="stopped-tasks-card"
  matchHeight={false}
>
  <CardTitle
    className=""
    onClick={[Function]}
  >
    Stopped
  </CardTitle>
  <CardBody
    className=""
  >
    <table
      className="table table-bordered table-striped stopped-table"
    >
      <thead>
        <tr>
          <th />
          <th>
            Total
          </th>
          <th>
            24h
          </th>
        </tr>
      </thead>
      <tbody>
        <tr
          key="error"
        >
          <td>
            <Icon
              name="error-circle-o"
              type="pf"
            />
            Error
          </td>
          <td
            className="data-col"
            onClick={[Function]}
          >
            0
          </td>
          <td
            className="data-col"
            onClick={[Function]}
          >
            0
          </td>
        </tr>
        <tr
          key="warning"
        >
          <td>
            <Icon
              name="warning-triangle-o"
              type="pf"
            />
            Warning
          </td>
          <td
            className="data-col"
            onClick={[Function]}
          >
            0
          </td>
          <td
            className="data-col"
            onClick={[Function]}
          >
            0
          </td>
        </tr>
        <tr
          key="success"
        >
          <td>
            <Icon
              name="ok"
              type="pf"
            />
            Success
          </td>
          <td
            className="data-col"
            onClick={[Function]}
          >
            0
          </td>
          <td
            className="data-col"
            onClick={[Function]}
          >
            0
          </td>
        </tr>
      </tbody>
    </table>
  </CardBody>
</Card>
`;

exports[`StoppedTasksCard render with props 1`] = `
<Card
  accented={false}
  aggregated={false}
  aggregatedMini={false}
  cardRef={null}
  className="tasks-donut-card stopped-tasks-card"
  id="stopped-tasks-card"
  matchHeight={false}
>
  <CardTitle
    className=""
    onClick={[Function]}
  >
    Stopped
  </CardTitle>
  <CardBody
    className=""
  >
    <table
      className="table table-bordered table-striped stopped-table"
    >
      <thead>
        <tr>
          <th />
          <th>
            Total
          </th>
          <th>
            week
          </th>
        </tr>
      </thead>
      <tbody>
        <tr
          key="error"
        >
          <td>
            <Icon
              name="error-circle-o"
              type="pf"
            />
            Error
          </td>
          <td
            className="data-col"
            onClick={[Function]}
          >
            9
          </td>
          <td
            className="data-col"
            onClick={[Function]}
          >
            1
          </td>
        </tr>
        <tr
          key="warning"
        >
          <td>
            <Icon
              name="warning-triangle-o"
              type="pf"
            />
            Warning
          </td>
          <td
            className="data-col"
            onClick={[Function]}
          >
            8
          </td>
          <td
            className="data-col"
            onClick={[Function]}
          >
            2
          </td>
        </tr>
        <tr
          key="success"
        >
          <td>
            <Icon
              name="ok"
              type="pf"
            />
            Success
          </td>
          <td
            className="data-col"
            onClick={[Function]}
          >
            7
          </td>
          <td
            className="data-col"
            onClick={[Function]}
          >
            3
          </td>
        </tr>
      </tbody>
    </table>
  </CardBody>
</Card>
`;
