// Jest Snapshot v1, https://goo.gl/fbAQLP

exports[`TasksIndexPage rendering render with minimal props 1`] = `
<Connect(TasksTablePage)
  getBreadcrumbs={[MockFunction]}
  getTableItems={[MockFunction]}
  history={
    Object {
      "location": Object {
        "search": "",
      },
    }
  }
  itemCount={2}
  openClickedModal={[MockFunction]}
  openModal={[MockFunction]}
  openModalAction={[MockFunction]}
  perPage={10}
  reloadPage={[MockFunction]}
  results={
    Array [
      "a",
      "b",
    ]
  }
  selectAllRows={[MockFunction]}
  selectPage={[MockFunction]}
  selectRow={[MockFunction]}
  selectedRows={Array []}
  sort={
    Object {
      "by": "q",
      "order": "w",
    }
  }
  unselectAllRows={[MockFunction]}
  unselectRow={[MockFunction]}
/>
`;
