// Jest Snapshot v1, https://goo.gl/fbAQLP

exports[`ForceUnlockModal render 1`] = `
<ClickConfirmation
  body="Resources for 1 task(s) will be unlocked and will not prevent other tasks from being run. As the task(s) might be still running, it should be avoided to use this unless you are really sure the task(s) got stuck."
  confirmAction="Force Unlock"
  confirmType="danger"
  confirmationMessage="I understand that this may cause harm and have working database backups of all backend services."
  id="forceUnlockModal"
  isOpen={false}
  onClick={[MockFunction]}
  setModalClosed={[Function]}
  title="Force Unlock"
/>
`;

exports[`UnlockModal render 1`] = `
<ClickConfirmation
  body="This will unlock the resources that the task is running against. Please note that this might lead to inconsistent state and should be used with caution, after making sure that the task can't be resumed."
  confirmAction="Unlock"
  confirmType="warning"
  confirmationMessage="I understand that this may cause harm and have working database backups of all backend services."
  id="unlockModal"
  isOpen={false}
  onClick={[MockFunction]}
  setModalClosed={[Function]}
  title="Unlock"
/>
`;
