// Jest Snapshot v1, https://goo.gl/fbAQLP

exports[`TasksDashboard rendering render without Props 1`] = `
<div
  className=""
/>
`;
