// Jest Snapshot v1, https://goo.gl/fbAQLP

exports[`ScheduledTasksCard render selected 1`] = `
<Card
  accented={false}
  aggregated={false}
  aggregatedMini={false}
  cardRef={null}
  className="tasks-donut-card scheduled-tasks-card selected-tasks-card"
  id="scheduled-tasks-card"
  matchHeight={false}
>
  <CardTitle
    className=""
    onClick={[Function]}
  >
    Scheduled
  </CardTitle>
  <CardBody
    className=""
  >
    <div
      className="scheduled-data"
      onClick={[Function]}
    >
      0
      <p>
        Total
      </p>
    </div>
  </CardBody>
</Card>
`;

exports[`ScheduledTasksCard render with minimal props 1`] = `
<Card
  accented={false}
  aggregated={false}
  aggregatedMini={false}
  cardRef={null}
  className="tasks-donut-card scheduled-tasks-card"
  id="scheduled-tasks-card"
  matchHeight={false}
>
  <CardTitle
    className=""
    onClick={[Function]}
  >
    Scheduled
  </CardTitle>
  <CardBody
    className=""
  >
    <div
      className="scheduled-data"
      onClick={[Function]}
    >
      0
      <p>
        Total
      </p>
    </div>
  </CardBody>
</Card>
`;

exports[`ScheduledTasksCard render with props 1`] = `
<Card
  accented={false}
  aggregated={false}
  aggregatedMini={false}
  cardRef={null}
  className="tasks-donut-card scheduled-tasks-card some-class"
  id="scheduled-tasks-card"
  matchHeight={false}
>
  <CardTitle
    className=""
    onClick={[Function]}
  >
    Scheduled
  </CardTitle>
  <CardBody
    className=""
  >
    <div
      className="scheduled-data"
      onClick={[Function]}
    >
      3
      <p>
        Total
      </p>
    </div>
  </CardBody>
</Card>
`;
